---
source: talpid-wireguard/src/stats.rs
expression: "StatsDebug { now, stats: &stats }"
---
Stats {
    tx_bytes: 100,
    rx_bytes: 100,
    last_handshake: "60000 ms ago",
    daita: None,
}
