---
source: mullvad-update/src/version/mod.rs
expression: "Rollout::threshold(seed, v20254)"
---
0.98061204
