---
source: mullvad-update/src/version/mod.rs
expression: "Rollout::threshold(seed, v20255)"
---
0.68220514
