---
source: installer-downloader/tests/controller.rs
expression: delegate.state
---
status_text: "Version: 2025.1"
download_text: ""
download_button_visible: false
cancel_button_visible: true
cancel_button_enabled: true
download_button_enabled: true
download_progress: 0
download_progress_visible: true
beta_text_visible: false
stable_text_visible: false
error_message_visible: false
error_message:
  status_text: ""
  cancel_button_text: ""
  retry_button_text: ""
quit: false
call_log:
  - hide_download_progress
  - show_download_button
  - disable_download_button
  - hide_cancel_button
  - hide_beta_text
  - hide_stable_text
  - on_download
  - on_cancel
  - on_beta_link
  - on_stable_link
  - show_download_button
  - "set_status_text: Loading version details..."
  - hide_error_message
  - "set_status_text: Version: 2025.1"
  - enable_download_button
  - hide_error_message
  - on_error_message_retry
  - on_error_message_cancel
  - clear_download_text
  - hide_download_button
  - hide_beta_text
  - hide_stable_text
  - show_cancel_button
  - enable_cancel_button
  - show_download_progress
