---
source: installer-downloader/tests/controller.rs
expression: delegate.state
---
status_text: ""
download_text: ""
download_button_visible: false
cancel_button_visible: false
cancel_button_enabled: false
download_button_enabled: true
download_progress: 0
download_progress_visible: false
beta_text_visible: false
stable_text_visible: false
error_message_visible: true
error_message:
  status_text: "Download failed, please check your internet connection or if you have enough space on your hard drive and try downloading again."
  cancel_button_text: Cancel
  retry_button_text: Try again
quit: false
call_log:
  - hide_download_progress
  - show_download_button
  - disable_download_button
  - hide_cancel_button
  - hide_beta_text
  - hide_stable_text
  - on_download
  - on_cancel
  - on_beta_link
  - on_stable_link
  - show_download_button
  - "set_status_text: Loading version details..."
  - hide_error_message
  - "set_status_text: Version: 2025.1"
  - enable_download_button
  - hide_error_message
  - on_error_message_retry
  - on_error_message_cancel
  - clear_status_text
  - hide_download_button
  - hide_beta_text
  - hide_stable_text
  - "show_error_message: Download failed, please check your internet connection or if you have enough space on your hard drive and try downloading again.. retry: Try again. cancel: Cancel"
